C51 COMPILER V9.54   TIMER                                                                 07/15/2018 10:24:59 PAGE 1   


C51 COMPILER V9.54, COMPILATION OF MODULE TIMER
OBJECT MODULE PLACED IN timer.OBJ
COMPILER INVOKED BY: D:\MDK\C51\BIN\C51.EXE timer.c LARGE OPTIMIZE(8,SPEED) BROWSE MODP2 DEBUG OBJECTEXTEND TABS(2)

line level    source

   1          #include "timer.h"
   2          #include "pwm.h"
   3          #include "action.h"
   4          
   5          uchar timer4Flag = 0;
   6          
   7          //定时器0初始化
   8          void Timer0Init_Mode1T(void)
   9          {
  10   1          EA = 1;   //开启总中断
  11   1          ET0 = 1;     // 定时器0可用
  12   1          TMOD |= 0x01;//设置定时器0为工作方式1(16位计数器)
  13   1          //先初始赋值
  14   1          TH0 = 0xFA;
  15   1          TL0 = 0x24;
  16   1          TR0 = 1;//定时器0开始计数
  17   1      }
  18          
  19          void Timer0Init_Mode12T(void)
  20          {
  21   1          AUXR &= 0x7F;   //定时器时钟12T模式
  22   1          TMOD &= 0xF0;   //设置定时器模式
  23   1          TMOD |= 0x01;//设置定时器0为工作方式1(16位计数器)
  24   1          TL0 = 0x00;   //设置定时初值
  25   1          TH0 = 0x70;   //设置定时初值
  26   1          TF0 = 0;    //清除TF0标志
  27   1          TR0 = 1;       //定时器0开始计时
  28   1          ET0 = 1;      //使能定时器0中断
  29   1          EA = 1;
  30   1      }
  31          
  32          
  33          //定时器1初始化
  34          void Timer1Init_Mode1T(void)
  35          {
  36   1          EA = 1;   //开启总中断
  37   1          ET1 = 1;     // 定时器1可用
  38   1          TMOD |= 0x10;//设置定时器0为工作方式1(16位计数器)
  39   1          //先初始赋值
  40   1          TH1 = 0xFA;
  41   1          TL1 = 0x24;
  42   1          TR1 = 1;//定时器1开始计数
  43   1      }
  44          
  45          void Timer1Init_Mode12T(void)
  46          {
  47   1          AUXR &= 0xBF;   //定时器时钟12T模式
  48   1          TMOD &= 0x0F;   //设置定时器模式
  49   1          TL1 = 0x00;   //设置定时初值
  50   1          TH1 = 0x70;   //设置定时初值
  51   1          TF1 = 0;    //清除TF1标志
  52   1          TR1 = 1;    //定时器1开始计时
  53   1          EA = 1;   //开启总中断
  54   1          ET1 = 1;     // 定时器0可用
  55   1      }
C51 COMPILER V9.54   TIMER                                                                 07/15/2018 10:24:59 PAGE 2   

  56          
  57          //定时器2初始化
  58          void Timer2Init_Mode1T(void)
  59          {
  60   1          EA = 1;   //开启总中断
  61   1          IE2 |= 0x04;     // 定时器2可用
  62   1          AUXR |= 0x04;   //定时器时钟1T模式
  63   1          T2L = 0x9A;   //设置定时初值
  64   1          T2H = 0xA9;   //设置定时初值
  65   1          AUXR |= 0x10;   //定时器2开始计时
  66   1      }
  67          
  68          void Timer2Init_Mode12T(void)
  69          {
  70   1          EA = 1;   //开启总中断
  71   1          IE2 |= 0x04;     // 定时器2可用
  72   1          AUXR &= 0xFB;   //定时器时钟12T模式
  73   1          T2L = 0xCD;   //设置定时初值
  74   1          T2H = 0xF8;   //设置定时初值
  75   1          AUXR |= 0x10;   //定时器2开始计时
  76   1      }
  77          
  78          //定时器3初始化
  79          void Timer3Init_Mode1T(void)
  80          {
  81   1          EA = 1;   //开启总中断
  82   1          IE2 |= 0x20;     // 定时器3可用
  83   1          T4T3M |= 0x02;    //定时器时钟1T模式
  84   1          T3L = 0x9A;   //设置定时初值
  85   1          T3H = 0xA9;   //设置定时初值
  86   1          T4T3M |= 0x08;    //定时器3开始计时
  87   1      }
  88          
  89          void Timer3Init_Mode12T(void)
  90          {
  91   1          EA = 1;   //开启总中断
  92   1          IE2 |= 0x20;     // 定时器3可用
  93   1          T4T3M &= 0xFD;    //定时器时钟12T模式
  94   1          T3L = 0xCD;   //设置定时初值
  95   1          T3H = 0xF8;   //设置定时初值
  96   1          T4T3M |= 0x08;    //定时器3开始计时
  97   1      }
  98          
  99          //定时器4初始化
 100          void Timer4Init_Mode1T(void)
 101          {
 102   1          EA = 1;   //开启总中断
 103   1          IE2 |= 0x40;     // 定时器4可用
 104   1          T4T3M |= 0x20;    //定时器时钟1T模式
 105   1          T4L = 0x9A;   //设置定时初值
 106   1          T4H = 0xA9;   //设置定时初值
 107   1          T4T3M |= 0x80;    //定时器4开始计时
 108   1      }
 109          
 110          void Timer4Init_Mode12T(void)
 111          {
 112   1          EA = 1;   //开启总中断
 113   1          IE2 |= 0x40;     // 定时器4可用
 114   1        T4T3M &= 0xDF;    //定时器时钟12T模式
 115   1        T4L = 0x00;   //设置定时初值 25ms
 116   1        T4H = 0x4C;   //设置定时初值  25ms
 117   1        T4T3M |= 0x80;    //定时器4开始计时
C51 COMPILER V9.54   TIMER                                                                 07/15/2018 10:24:59 PAGE 3   

 118   1      }
 119          
 120          
 121          //定时器中断0
 122          void timer0 (void) interrupt 1
 123          {
 124   1          PwmCH0_Control();
 125   1          LED = !LED;
 126   1      }
 127          
 128          //定时器中断1
 129          void timer1 (void) interrupt 3 
 130          {
 131   1          PwmCH1_Control();
 132   1      }
 133          
 134          //定时器中断2
 135          void timer2 (void) interrupt 12
 136          {
 137   1      }
 138          
 139          //定时器中断3
 140          void timer3 (void) interrupt 19
 141          {
 142   1          PwmCH2_Control();
 143   1      }
 144          
 145          //定时器中断4
 146          void timer4 (void) interrupt 20
 147          {
 148   1        timer4Flag = !timer4Flag;
 149   1        //confgi.h中配置的是50ms  所以要进两次中断才能达50ms
 150   1        T4L = 0x00;   //设置定时初值 25ms
 151   1        T4H = 0x4C;   //设置定时初值  25ms
 152   1        if( timer4Flag )
 153   1        {
 154   2          UpData();
 155   2        }
 156   1        else
 157   1        {
 158   2        }
 159   1      }
 160          
 161          


MODULE INFORMATION:   STATIC OVERLAYABLE
   CODE SIZE        =    506    ----
   CONSTANT SIZE    =   ----    ----
   XDATA SIZE       =      1    ----
   PDATA SIZE       =   ----    ----
   DATA SIZE        =   ----    ----
   IDATA SIZE       =   ----    ----
   BIT SIZE         =   ----    ----
END OF MODULE INFORMATION.


C51 COMPILATION COMPLETE.  0 WARNING(S),  0 ERROR(S)
